// Jest Snapshot v1, https://goo.gl/fbAQLP

exports[`Table snapshot 1`] = `
<table>
  <thead>
    <tr>
      <th>
        Wow
      </th>
    </tr>
  </thead>
  <tbody>
    <tr>
      <td>
        1
      </td>
      <td>
        2
      </td>
    </tr>
  </tbody>
</table>
`;
