// Jest Snapshot v1, https://goo.gl/fbAQLP

exports[`TableHead snapshot 1`] = `
<tr>
  <th
    className="head"
  >
    testHeader1
  </th>
  <th
    className="head"
  >
    testHeader2
  </th>
</tr>
`;
